==============================================================================
MODEL-MISMATCH EVALUATION  (controller = nominal DEFAULT_PARAMS,
plant = perturbed).  Held-out GUAM 2500-3000, n=200, seed 12345.
Planner: alpha=0.1 Hp=15 a_max=20, d_sep=30 m.
CR=conflict rate %%, MinSep=mean min separation m, ADE=m.
==============================================================================
/usr/local/lib/python3.10/dist-packages/cvxpy/reductions/solvers/solving_chain_utils.py:41: UserWarning: The problem has an expression with dimension greater than 2. Defaulting to the SCIPY backend for canonicalization.
  warnings.warn(UserWarning(
/usr/local/lib/python3.10/dist-packages/diffcp/cone_program.py:442: UserWarning: Solved/Inaccurate.
  warnings.warn("Solved/Inaccurate.")

### nominal (matched model)
  Stage-1 +CBF : CR= 12.5%  MinSep= 46.3 m  ADE= 20.90 m
  Stage-2 +CBF : CR= 11.0%  MinSep= 47.7 m  ADE=  4.32 m
  Stage-2 NO-CBF: CR= 22.5%  MinSep= 31.1 m  (Vanilla)
  -> CBF safety edge: CR  22.5% (no-CBF) vs  11.0% (CBF); MinSep +16.6 m
  -> decoupling: Stage-2 ADE 4.32 m vs Stage-1 20.90 m at CR 11.0% vs 12.5%

### mass +20% (heavy)
  Stage-1 +CBF : CR= 18.5%  MinSep= 41.3 m  ADE= 20.90 m
  Stage-2 +CBF : CR= 17.5%  MinSep= 42.7 m  ADE=  4.32 m
  Stage-2 NO-CBF: CR= 45.5%  MinSep= 29.6 m  (Vanilla)
  -> CBF safety edge: CR  45.5% (no-CBF) vs  17.5% (CBF); MinSep +13.1 m
  -> decoupling: Stage-2 ADE 4.32 m vs Stage-1 20.90 m at CR 17.5% vs 18.5%

### mass -15% (light)
  Stage-1 +CBF : CR= 10.0%  MinSep= 50.6 m  ADE= 20.90 m
  Stage-2 +CBF : CR=  9.0%  MinSep= 52.1 m  ADE=  4.32 m
  Stage-2 NO-CBF: CR= 13.0%  MinSep= 32.4 m  (Vanilla)
  -> CBF safety edge: CR  13.0% (no-CBF) vs   9.0% (CBF); MinSep +19.6 m
  -> decoupling: Stage-2 ADE 4.32 m vs Stage-1 20.90 m at CR 9.0% vs 10.0%
Terminated
